
SW1#
SW1#
SW1#write mem
Building configuration...

  Compressed configuration from 3833 bytes to 1844 bytes[OK]
SW1#
SW1#show ip arp
Protocol  Address          Age (min)  Hardware Addr   Type   Interface
Internet  192.168.122.1           0   5254.00da.f4c5  ARPA   GigabitEthernet3/3
Internet  192.168.122.71          -   00d5.3693.7b0f  ARPA   GigabitEthernet3/3
SW1#
SW1#show ip bgp neighbor
% BGP not active

SW1#
SW1#config term
Enter configuration commands, one per line.  End with CNTL/Z.
SW1(config)#
SW1(config)#hostname SWITCH
SWITCH(config)#
SWITCH(config)#end
SWITCH#
SWITCH#
SWITCH#
**************************************************************************
* IOSv is strictly limited to use for evaluation, demonstration and IOS  *
* education. IOSv is provided as-is and is not supported by Cisco's      *
* Technical Advisory Center. Any use or disclosure, in whole or in part, *
* of the IOSv Software or Documentation to any third party for any       *
* purposes is expressly prohibited except as otherwise authorized by     *
* Cisco in writing.                                                      *
**************************************************************************
SWITCH#
SWITCH#sh mac-address table
             ^
% Invalid input detected at '^' marker.

SWITCH#
SWITCH#sh mac address-table
          Mac Address Table
-------------------------------------------

Vlan    Mac Address       Type        Ports
----    -----------       --------    -----
   1    00d5.3631.6500    DYNAMIC     Gi0/2
   1    00d5.366d.7200    DYNAMIC     Gi0/3
   1    00d5.366d.7201    DYNAMIC     Gi0/2
   1    00d5.36c2.3300    DYNAMIC     Gi0/1
   1    00d5.36c2.3301    DYNAMIC     Gi0/2
   1    00d5.36f8.1f02    DYNAMIC     Gi0/2
   1    00d5.36f8.1f05    DYNAMIC     Gi1/1
   1    00d5.36f8.1f0a    DYNAMIC     Gi2/2
Total Mac Addresses for this criterion: 8
SWITCH#
SWITCH#exit
